// Jest Snapshot v1, https://goo.gl/fbAQLP

exports[`Home Page 1`] = `
<Component>
  <Head>
    <Component
      handleStateChange={null}
      inAmpMode={false}
      reduceComponentsToState={[Function]}
    />
  </Head>
</Component>
`;
