// Jest Snapshot v1, https://goo.gl/fbAQLP

exports[`Home Page 1`] = `
<Component>
  <Head>
    <Component
      handleStateChange={null}
      inAmpMode={false}
      reduceComponentsToState={[Function]}
    />
  </Head>
  <h1>
    Error 404: This page could not be found
  </h1>
</Component>
`;
